<?xml version="1.0" encoding="utf-8"?>
<TestRun id="4d70d3e5-525a-4eb2-8f9b-398b8e74481c" name="@DESKTOP-EEEM5EM 2025-09-04 05:23:20" xmlns="http://microsoft.com/schemas/VisualStudio/TeamTest/2010">
  <Times creation="2025-09-04T05:23:20.5412423-07:00" queuing="2025-09-04T05:23:20.5412424-07:00" start="2025-09-04T05:23:19.6571759-07:00" finish="2025-09-04T05:23:20.9951421-07:00" />
  <TestSettings name="default" id="9bcb9d3e-4130-4f70-a5ce-1b8896622ecd">
    <Deployment runDeploymentRoot="_DESKTOP-EEEM5EM_2025-09-04_05_23_20" />
  </TestSettings>
  <Results>
    <UnitTestResult executionId="89238512-52cc-43da-8351-6eb50061f075" testId="c41ca717-f2c7-fb7b-ee40-a545934f7019" testName="Ams.Tests.TextNormalizerTests.Normalize_ShouldNormalizeTextCorrectly(input: &quot;I can't believe it's 123 degrees!&quot;, expected: &quot;i cannot believe it is one hundred twenty three de&quot;···)" computerName="DESKTOP-EEEM5EM" duration="00:00:00.0013262" startTime="2025-09-04T05:23:20.4918871-07:00" endTime="2025-09-04T05:23:20.4918875-07:00" testType="13cdc9d9-ddb5-4fa4-a97d-d965ccfc6d4b" outcome="Passed" testListId="8c84fa94-04c1-424b-9868-57a2d4851a1d" relativeResultsDirectory="89238512-52cc-43da-8351-6eb50061f075" />
    <UnitTestResult executionId="9cc91fce-8433-4425-b938-f2820a3bf60a" testId="8ab0da46-dc27-0a33-1524-718a9268d937" testName="Ams.Tests.RefineStageTests.ChunkTimeConversion_ConvertsToChapterCoordinates" computerName="DESKTOP-EEEM5EM" duration="00:00:00.0052782" startTime="2025-09-04T05:23:20.4965572-07:00" endTime="2025-09-04T05:23:20.4965572-07:00" testType="13cdc9d9-ddb5-4fa4-a97d-d965ccfc6d4b" outcome="Passed" testListId="8c84fa94-04c1-424b-9868-57a2d4851a1d" relativeResultsDirectory="9cc91fce-8433-4425-b938-f2820a3bf60a" />
    <UnitTestResult executionId="17c5e7a3-3306-43ca-ad04-cd5fd07b055c" testId="c600fba3-eac4-0732-8d5f-50230ecfb70b" testName="Ams.Tests.TextNormalizerTests.CalculateSimilarity_ShouldReturnCorrectSimilarity(text1: &quot;&quot;, text2: &quot;something&quot;, expectedMin: 0)" computerName="DESKTOP-EEEM5EM" duration="00:00:00.0006674" startTime="2025-09-04T05:23:20.4956241-07:00" endTime="2025-09-04T05:23:20.4956241-07:00" testType="13cdc9d9-ddb5-4fa4-a97d-d965ccfc6d4b" outcome="Passed" testListId="8c84fa94-04c1-424b-9868-57a2d4851a1d" relativeResultsDirectory="17c5e7a3-3306-43ca-ad04-cd5fd07b055c" />
    <UnitTestResult executionId="cde558ec-dabf-4232-9d58-9d56f617f3e0" testId="0c9b49c2-cb0a-9c14-f54a-23811bd1f3dc" testName="Ams.Tests.RefineStageTests.SnapToSilenceStart_FiltersOutShortSilences" computerName="DESKTOP-EEEM5EM" duration="00:00:00.0073427" startTime="2025-09-04T05:23:20.4963855-07:00" endTime="2025-09-04T05:23:20.4963856-07:00" testType="13cdc9d9-ddb5-4fa4-a97d-d965ccfc6d4b" outcome="Passed" testListId="8c84fa94-04c1-424b-9868-57a2d4851a1d" relativeResultsDirectory="cde558ec-dabf-4232-9d58-9d56f617f3e0" />
    <UnitTestResult executionId="a0409553-3ae0-4a22-bae2-e29f53a4302d" testId="47928c29-7d3b-7d6b-25de-80c48cd09090" testName="Ams.Tests.TextNormalizerTests.CalculateSimilarity_ShouldReturnCorrectSimilarity(text1: &quot;hello world&quot;, text2: &quot;hello world&quot;, expectedMin: 1)" computerName="DESKTOP-EEEM5EM" duration="00:00:00.0008143" startTime="2025-09-04T05:23:20.4954474-07:00" endTime="2025-09-04T05:23:20.4954474-07:00" testType="13cdc9d9-ddb5-4fa4-a97d-d965ccfc6d4b" outcome="Passed" testListId="8c84fa94-04c1-424b-9868-57a2d4851a1d" relativeResultsDirectory="a0409553-3ae0-4a22-bae2-e29f53a4302d" />
    <UnitTestResult executionId="3f96934e-08bc-4979-b5d2-62f9e02d33c4" testId="778d8c9a-449e-15af-321e-b8ec01eb1670" testName="Ams.Tests.ScriptValidatorTests.Validate_WithInsertion_ShouldCalculateCorrectWER" computerName="DESKTOP-EEEM5EM" duration="00:00:00.0089644" startTime="2025-09-04T05:23:20.6267944-07:00" endTime="2025-09-04T05:23:20.6267946-07:00" testType="13cdc9d9-ddb5-4fa4-a97d-d965ccfc6d4b" outcome="Passed" testListId="8c84fa94-04c1-424b-9868-57a2d4851a1d" relativeResultsDirectory="3f96934e-08bc-4979-b5d2-62f9e02d33c4" />
    <UnitTestResult executionId="456a1423-af34-48fc-9a06-125d75aad725" testId="00f1bc45-48c1-b12d-f6d6-5c7703be8472" testName="Ams.Tests.ScriptValidatorTests.Validate_WithDeletion_ShouldCalculateCorrectWER" computerName="DESKTOP-EEEM5EM" duration="00:00:00.0178317" startTime="2025-09-04T05:23:20.5728898-07:00" endTime="2025-09-04T05:23:20.5728899-07:00" testType="13cdc9d9-ddb5-4fa4-a97d-d965ccfc6d4b" outcome="Passed" testListId="8c84fa94-04c1-424b-9868-57a2d4851a1d" relativeResultsDirectory="456a1423-af34-48fc-9a06-125d75aad725" />
    <UnitTestResult executionId="fcca1a8e-9400-4a9e-b783-7feb65b0cc1b" testId="1464447b-28fa-5bce-642d-f1222edd8ffd" testName="Ams.Tests.BookParsingTests.Parser_Unsupported_Throws" computerName="DESKTOP-EEEM5EM" duration="00:00:00.0122908" startTime="2025-09-04T05:23:20.4974417-07:00" endTime="2025-09-04T05:23:20.4974417-07:00" testType="13cdc9d9-ddb5-4fa4-a97d-d965ccfc6d4b" outcome="Passed" testListId="8c84fa94-04c1-424b-9868-57a2d4851a1d" relativeResultsDirectory="fcca1a8e-9400-4a9e-b783-7feb65b0cc1b" />
    <UnitTestResult executionId="555045ff-d55e-4baa-b596-1072be943d73" testId="100b2750-8f65-7794-36d0-0f792d08579a" testName="Ams.Tests.RefineStageTests.SnapToSilenceStart_FindsEarliestQualifyingSilence" computerName="DESKTOP-EEEM5EM" duration="00:00:00.0002616" startTime="2025-09-04T05:23:20.4971924-07:00" endTime="2025-09-04T05:23:20.4971925-07:00" testType="13cdc9d9-ddb5-4fa4-a97d-d965ccfc6d4b" outcome="Passed" testListId="8c84fa94-04c1-424b-9868-57a2d4851a1d" relativeResultsDirectory="555045ff-d55e-4baa-b596-1072be943d73" />
    <UnitTestResult executionId="f92ca1c7-b9b9-4b07-aa08-deac491ae78d" testId="49fd7152-ce1b-b38e-13f3-c619091ada78" testName="Ams.Tests.BookModelsTests.BookWord_CanonicalShape" computerName="DESKTOP-EEEM5EM" duration="00:00:00.0004336" startTime="2025-09-04T05:23:20.4963431-07:00" endTime="2025-09-04T05:23:20.4963431-07:00" testType="13cdc9d9-ddb5-4fa4-a97d-d965ccfc6d4b" outcome="Passed" testListId="8c84fa94-04c1-424b-9868-57a2d4851a1d" relativeResultsDirectory="f92ca1c7-b9b9-4b07-aa08-deac491ae78d" />
    <UnitTestResult executionId="c3c15684-dd03-4af2-86a0-785c35d4d02c" testId="a2d9ec76-d348-4214-957c-d85d4723c049" testName="SectionLocatorTests.Preprocessor_And_Pipeline_Map_And_Restrict" computerName="DESKTOP-EEEM5EM" duration="00:00:00.0130396" startTime="2025-09-04T05:23:20.4942072-07:00" endTime="2025-09-04T05:23:20.4942072-07:00" testType="13cdc9d9-ddb5-4fa4-a97d-d965ccfc6d4b" outcome="Passed" testListId="8c84fa94-04c1-424b-9868-57a2d4851a1d" relativeResultsDirectory="c3c15684-dd03-4af2-86a0-785c35d4d02c" />
    <UnitTestResult executionId="7033f78e-d473-46db-b0c3-ab0ff4b4709c" testId="f75292ee-d5ad-2ea5-5648-85031c012d05" testName="SilenceWindowPlannerTests.Plans_DenseCandidates_Strict" computerName="DESKTOP-EEEM5EM" duration="00:00:00.0042682" startTime="2025-09-04T05:23:20.4941469-07:00" endTime="2025-09-04T05:23:20.4941470-07:00" testType="13cdc9d9-ddb5-4fa4-a97d-d965ccfc6d4b" outcome="Passed" testListId="8c84fa94-04c1-424b-9868-57a2d4851a1d" relativeResultsDirectory="7033f78e-d473-46db-b0c3-ab0ff4b4709c" />
    <UnitTestResult executionId="71264dae-8bc6-4f60-beb6-51bb7a9a7899" testId="e25a67b2-092d-29ea-936e-e7ca57868fd1" testName="Ams.Tests.BookModelsTests.BookIndexOptions_Defaults" computerName="DESKTOP-EEEM5EM" duration="00:00:00.0049818" startTime="2025-09-04T05:23:20.4962145-07:00" endTime="2025-09-04T05:23:20.4962146-07:00" testType="13cdc9d9-ddb5-4fa4-a97d-d965ccfc6d4b" outcome="Passed" testListId="8c84fa94-04c1-424b-9868-57a2d4851a1d" relativeResultsDirectory="71264dae-8bc6-4f60-beb6-51bb7a9a7899" />
    <UnitTestResult executionId="df2b8b9c-48ec-4fba-9032-62637ee01d03" testId="bb9a5e2b-c764-c78c-86ff-2bb83564cb1e" testName="Ams.Tests.ScriptValidatorTests.Validate_ComplexScenario_ShouldCalculateCorrectMetrics" computerName="DESKTOP-EEEM5EM" duration="00:00:00.1032524" startTime="2025-09-04T05:23:20.5549170-07:00" endTime="2025-09-04T05:23:20.5549171-07:00" testType="13cdc9d9-ddb5-4fa4-a97d-d965ccfc6d4b" outcome="Passed" testListId="8c84fa94-04c1-424b-9868-57a2d4851a1d" relativeResultsDirectory="df2b8b9c-48ec-4fba-9032-62637ee01d03" />
    <UnitTestResult executionId="08b8de2b-7045-4d9d-aa3b-327ad2d70c8e" testId="acf88023-75f2-8800-84c9-e7f94aa81257" testName="Ams.Tests.Pipeline.PipelineIntegrationTests.DetectThenPlan_EndToEnd" computerName="DESKTOP-EEEM5EM" duration="00:00:00.0931526" startTime="2025-09-04T05:23:20.9184071-07:00" endTime="2025-09-04T05:23:20.9184072-07:00" testType="13cdc9d9-ddb5-4fa4-a97d-d965ccfc6d4b" outcome="Passed" testListId="8c84fa94-04c1-424b-9868-57a2d4851a1d" relativeResultsDirectory="08b8de2b-7045-4d9d-aa3b-327ad2d70c8e" />
    <UnitTestResult executionId="7e249ca6-158b-45f1-a65d-b29c4360801e" testId="c3752748-5475-0142-24fa-0654d12f7328" testName="Ams.Tests.ScriptValidatorTests.Validate_WithContractions_ShouldNormalizeCorrectly" computerName="DESKTOP-EEEM5EM" duration="00:00:00.0338653" startTime="2025-09-04T05:23:20.6177205-07:00" endTime="2025-09-04T05:23:20.6177205-07:00" testType="13cdc9d9-ddb5-4fa4-a97d-d965ccfc6d4b" outcome="Passed" testListId="8c84fa94-04c1-424b-9868-57a2d4851a1d" relativeResultsDirectory="7e249ca6-158b-45f1-a65d-b29c4360801e" />
    <UnitTestResult executionId="96e52561-1d91-4b41-b20d-9ace71aca608" testId="8283c47b-3b50-226b-bd96-47e3b726ed8e" testName="Ams.Tests.BookIndexAcceptanceTests.Slimness_WordsContainOnlyCanonicalFields" computerName="DESKTOP-EEEM5EM" duration="00:00:00.1400550" startTime="2025-09-04T05:23:20.5149433-07:00" endTime="2025-09-04T05:23:20.5149434-07:00" testType="13cdc9d9-ddb5-4fa4-a97d-d965ccfc6d4b" outcome="Passed" testListId="8c84fa94-04c1-424b-9868-57a2d4851a1d" relativeResultsDirectory="96e52561-1d91-4b41-b20d-9ace71aca608" />
    <UnitTestResult executionId="83d9e3a1-7f95-4ff7-80ad-5db2aa0d9716" testId="97d4c0ad-695f-453e-9a23-6deba3f062e2" testName="SectionLocatorTests.Detects_Chapter_From_Asr_Prefix" computerName="DESKTOP-EEEM5EM" duration="00:00:00.0525578" startTime="2025-09-04T05:23:20.4922827-07:00" endTime="2025-09-04T05:23:20.4922827-07:00" testType="13cdc9d9-ddb5-4fa4-a97d-d965ccfc6d4b" outcome="Passed" testListId="8c84fa94-04c1-424b-9868-57a2d4851a1d" relativeResultsDirectory="83d9e3a1-7f95-4ff7-80ad-5db2aa0d9716" />
    <UnitTestResult executionId="d4fe6896-7375-4dd7-a31b-4930cfd15e0f" testId="d443ad22-1e89-b02f-b643-79ae6359e3db" testName="Ams.Tests.AlignChunksStageTests.AlignChunksStage_HandlesServiceErrors" computerName="DESKTOP-EEEM5EM" duration="00:00:00.2477885" startTime="2025-09-04T05:23:20.6606584-07:00" endTime="2025-09-04T05:23:20.6606586-07:00" testType="13cdc9d9-ddb5-4fa4-a97d-d965ccfc6d4b" outcome="Passed" testListId="8c84fa94-04c1-424b-9868-57a2d4851a1d" relativeResultsDirectory="d4fe6896-7375-4dd7-a31b-4930cfd15e0f" />
    <UnitTestResult executionId="1f433c8f-fc57-4b4e-9439-db1c60ac5c92" testId="6f9d102c-37fa-89c4-7126-8b4bd721e427" testName="Ams.Tests.BookParsingTests.BookParser_CanParse_Extensions" computerName="DESKTOP-EEEM5EM" duration="00:00:00.0002985" startTime="2025-09-04T05:23:20.4975018-07:00" endTime="2025-09-04T05:23:20.4975019-07:00" testType="13cdc9d9-ddb5-4fa4-a97d-d965ccfc6d4b" outcome="Passed" testListId="8c84fa94-04c1-424b-9868-57a2d4851a1d" relativeResultsDirectory="1f433c8f-fc57-4b4e-9439-db1c60ac5c92" />
    <UnitTestResult executionId="269d368e-1c47-42da-89e6-36871b2cdf4e" testId="1808feb9-34c3-753a-4208-391636bb17b0" testName="Ams.Tests.BookIndexAcceptanceTests.StructureRanges_CoverAllWords_NoGaps" computerName="DESKTOP-EEEM5EM" duration="00:00:00.0051071" startTime="2025-09-04T05:23:20.5873188-07:00" endTime="2025-09-04T05:23:20.5873189-07:00" testType="13cdc9d9-ddb5-4fa4-a97d-d965ccfc6d4b" outcome="Passed" testListId="8c84fa94-04c1-424b-9868-57a2d4851a1d" relativeResultsDirectory="269d368e-1c47-42da-89e6-36871b2cdf4e" />
    <UnitTestResult executionId="da41b480-d7b3-407d-9c0e-99f83a22d8fc" testId="160dbc4b-1363-1ee1-fdc9-00f2be8c74bc" testName="Ams.Tests.Pipeline.PipelineIntegrationTests.DetectSilence_CreatesArtifacts" computerName="DESKTOP-EEEM5EM" duration="00:00:00.4544177" startTime="2025-09-04T05:23:20.8247178-07:00" endTime="2025-09-04T05:23:20.8247179-07:00" testType="13cdc9d9-ddb5-4fa4-a97d-d965ccfc6d4b" outcome="Passed" testListId="8c84fa94-04c1-424b-9868-57a2d4851a1d" relativeResultsDirectory="da41b480-d7b3-407d-9c0e-99f83a22d8fc" />
    <UnitTestResult executionId="5c7bb498-8bb3-4e29-8e87-a67c6a22ab4f" testId="3551e2ef-90be-af89-b001-a537b687a3fc" testName="AnchorDiscoveryTests.UniqueTrigrams_ProduceAnchors" computerName="DESKTOP-EEEM5EM" duration="00:00:00.0159919" startTime="2025-09-04T05:23:20.4138738-07:00" endTime="2025-09-04T05:23:20.4138739-07:00" testType="13cdc9d9-ddb5-4fa4-a97d-d965ccfc6d4b" outcome="Passed" testListId="8c84fa94-04c1-424b-9868-57a2d4851a1d" relativeResultsDirectory="5c7bb498-8bb3-4e29-8e87-a67c6a22ab4f" />
    <UnitTestResult executionId="9163bf95-0fa0-4f83-b259-c2becc9c4ad1" testId="3b48470e-ddf2-574f-3365-1ac6c2f89433" testName="Ams.Tests.TextNormalizerTests.CalculateSimilarity_ShouldReturnCorrectSimilarity(text1: &quot;&quot;, text2: &quot;&quot;, expectedMin: 1)" computerName="DESKTOP-EEEM5EM" duration="00:00:00.0001906" startTime="2025-09-04T05:23:20.4954001-07:00" endTime="2025-09-04T05:23:20.4954001-07:00" testType="13cdc9d9-ddb5-4fa4-a97d-d965ccfc6d4b" outcome="Passed" testListId="8c84fa94-04c1-424b-9868-57a2d4851a1d" relativeResultsDirectory="9163bf95-0fa0-4f83-b259-c2becc9c4ad1" />
    <UnitTestResult executionId="aee17a4b-ba3e-4e94-8985-47be1b577a6c" testId="54c4ad58-712a-a220-d291-9c7f35769d76" testName="Ams.Tests.TextNormalizerTests.TokenizeWords_ShouldTokenizeCorrectly(input: &quot;hello world test&quot;, expected: [&quot;hello&quot;, &quot;world&quot;, &quot;test&quot;])" computerName="DESKTOP-EEEM5EM" duration="00:00:00.0007126" startTime="2025-09-04T05:23:20.4940306-07:00" endTime="2025-09-04T05:23:20.4940307-07:00" testType="13cdc9d9-ddb5-4fa4-a97d-d965ccfc6d4b" outcome="Passed" testListId="8c84fa94-04c1-424b-9868-57a2d4851a1d" relativeResultsDirectory="aee17a4b-ba3e-4e94-8985-47be1b577a6c" />
    <UnitTestResult executionId="bc0b6862-a511-4f1e-b8bd-49a9e4594773" testId="005993ad-155b-74c6-7907-6bf6c1cb8d14" testName="Ams.Tests.RefineStageTests.SnapToSilenceStart_RespectsBoundaryConstraints" computerName="DESKTOP-EEEM5EM" duration="00:00:00.0006244" startTime="2025-09-04T05:23:20.4966272-07:00" endTime="2025-09-04T05:23:20.4966273-07:00" testType="13cdc9d9-ddb5-4fa4-a97d-d965ccfc6d4b" outcome="Passed" testListId="8c84fa94-04c1-424b-9868-57a2d4851a1d" relativeResultsDirectory="bc0b6862-a511-4f1e-b8bd-49a9e4594773" />
    <UnitTestResult executionId="f3a2cf86-72c7-4485-9bc4-c241b4da4644" testId="be424ed0-f3cc-f9e3-c21e-6c4dcc1d723a" testName="Ams.Tests.BookParsingTests.Parser_Text_NoNormalization" computerName="DESKTOP-EEEM5EM" duration="00:00:00.0914961" startTime="2025-09-04T05:23:20.4971675-07:00" endTime="2025-09-04T05:23:20.4971676-07:00" testType="13cdc9d9-ddb5-4fa4-a97d-d965ccfc6d4b" outcome="Passed" testListId="8c84fa94-04c1-424b-9868-57a2d4851a1d" relativeResultsDirectory="f3a2cf86-72c7-4485-9bc4-c241b4da4644" />
    <UnitTestResult executionId="da983fa8-88d3-4f35-8b41-e6368a280381" testId="632ef7c6-71d1-3a9b-9119-502772aa3e45" testName="Ams.Tests.TextNormalizerTests.CalculateSimilarity_ShouldReturnCorrectSimilarity(text1: &quot;hello&quot;, text2: &quot;helo&quot;, expectedMin: 0.80000000000000004)" computerName="DESKTOP-EEEM5EM" duration="00:00:00.0007529" startTime="2025-09-04T05:23:20.4955395-07:00" endTime="2025-09-04T05:23:20.4955396-07:00" testType="13cdc9d9-ddb5-4fa4-a97d-d965ccfc6d4b" outcome="Passed" testListId="8c84fa94-04c1-424b-9868-57a2d4851a1d" relativeResultsDirectory="da983fa8-88d3-4f35-8b41-e6368a280381" />
    <UnitTestResult executionId="4948437a-2d4e-4ca1-bd9f-4859c717d758" testId="7db175b1-f62d-d603-663e-33581a051546" testName="Ams.Tests.RefineStageTests.ConstraintEnforcement_EnsuresMinimumDuration" computerName="DESKTOP-EEEM5EM" duration="00:00:00.0007329" startTime="2025-09-04T05:23:20.4964431-07:00" endTime="2025-09-04T05:23:20.4964431-07:00" testType="13cdc9d9-ddb5-4fa4-a97d-d965ccfc6d4b" outcome="Passed" testListId="8c84fa94-04c1-424b-9868-57a2d4851a1d" relativeResultsDirectory="4948437a-2d4e-4ca1-bd9f-4859c717d758" />
    <UnitTestResult executionId="0918d6b3-347e-4110-a291-bf3c0eb3dc7d" testId="f324b4ec-d3a2-90b7-9cb2-c60100e0c16e" testName="Ams.Tests.ScriptValidatorTests.Validate_PerfectMatch_ShouldReturnZeroWER" computerName="DESKTOP-EEEM5EM" duration="00:00:00.0140323" startTime="2025-09-04T05:23:20.6409704-07:00" endTime="2025-09-04T05:23:20.6409705-07:00" testType="13cdc9d9-ddb5-4fa4-a97d-d965ccfc6d4b" outcome="Passed" testListId="8c84fa94-04c1-424b-9868-57a2d4851a1d" relativeResultsDirectory="0918d6b3-347e-4110-a291-bf3c0eb3dc7d" />
    <UnitTestResult executionId="00132f74-8b29-471e-adb3-cab6180699b5" testId="1d745ee8-f9d2-061e-6fa8-b146612ad275" testName="Ams.Tests.RefineStageTests.SnapToSilenceStart_NoQualifyingSilence_KeepsOriginalEnd" computerName="DESKTOP-EEEM5EM" duration="00:00:00.0001608" startTime="2025-09-04T05:23:20.4973117-07:00" endTime="2025-09-04T05:23:20.4973117-07:00" testType="13cdc9d9-ddb5-4fa4-a97d-d965ccfc6d4b" outcome="Passed" testListId="8c84fa94-04c1-424b-9868-57a2d4851a1d" relativeResultsDirectory="00132f74-8b29-471e-adb3-cab6180699b5" />
    <UnitTestResult executionId="c9878be2-77e2-4701-9e87-8432f1bffc6a" testId="7eeaeb1e-d0fd-b280-5ab0-83b1e8cad390" testName="Ams.Tests.TextNormalizerTests.CalculateSimilarity_ShouldReturnCorrectSimilarity(text1: &quot;completely&quot;, text2: &quot;different&quot;, expectedMin: 0)" computerName="DESKTOP-EEEM5EM" duration="00:00:00.0027548" startTime="2025-09-04T05:23:20.4953355-07:00" endTime="2025-09-04T05:23:20.4953356-07:00" testType="13cdc9d9-ddb5-4fa4-a97d-d965ccfc6d4b" outcome="Passed" testListId="8c84fa94-04c1-424b-9868-57a2d4851a1d" relativeResultsDirectory="c9878be2-77e2-4701-9e87-8432f1bffc6a" />
    <UnitTestResult executionId="a2e08158-6ee9-4559-a01f-8a178a962a01" testId="4d01b460-4c7a-ee77-5aa8-5070df42945e" testName="Ams.Tests.TextNormalizerTests.Normalize_ShouldNormalizeTextCorrectly(input: &quot;&quot;, expected: &quot;&quot;)" computerName="DESKTOP-EEEM5EM" duration="00:00:00.0004136" startTime="2025-09-04T05:23:20.4904793-07:00" endTime="2025-09-04T05:23:20.4904793-07:00" testType="13cdc9d9-ddb5-4fa4-a97d-d965ccfc6d4b" outcome="Passed" testListId="8c84fa94-04c1-424b-9868-57a2d4851a1d" relativeResultsDirectory="a2e08158-6ee9-4559-a01f-8a178a962a01" />
    <UnitTestResult executionId="a099e405-d882-46be-ac46-e8d6e1e93e4a" testId="1e5a9251-4654-e660-a358-c7f12eb79e77" testName="Ams.Tests.BookIndexAcceptanceTests.Canonical_RoundTrip_DeterministicBytes_WithCache" computerName="DESKTOP-EEEM5EM" duration="00:00:00.0440726" startTime="2025-09-04T05:23:20.5597307-07:00" endTime="2025-09-04T05:23:20.5597308-07:00" testType="13cdc9d9-ddb5-4fa4-a97d-d965ccfc6d4b" outcome="Passed" testListId="8c84fa94-04c1-424b-9868-57a2d4851a1d" relativeResultsDirectory="a099e405-d882-46be-ac46-e8d6e1e93e4a" />
    <UnitTestResult executionId="a1ea18ac-3289-433b-90f4-aff02ecf8e75" testId="f61fff2b-ff7e-c6fc-05fb-1810c6c24a46" testName="Ams.Tests.BookIndexAcceptanceTests.CacheReuse_InvalidatedOnSourceChange" computerName="DESKTOP-EEEM5EM" duration="00:00:00.0150465" startTime="2025-09-04T05:23:20.5755028-07:00" endTime="2025-09-04T05:23:20.5755029-07:00" testType="13cdc9d9-ddb5-4fa4-a97d-d965ccfc6d4b" outcome="Passed" testListId="8c84fa94-04c1-424b-9868-57a2d4851a1d" relativeResultsDirectory="a1ea18ac-3289-433b-90f4-aff02ecf8e75" />
    <UnitTestResult executionId="8d2dbb69-74df-414c-91ba-4b19ca78ed1e" testId="c644a1e7-5e14-9700-be6c-d72e977211ce" testName="Ams.Tests.TextNormalizerTests.TokenizeWords_ShouldTokenizeCorrectly(input: &quot;single&quot;, expected: [&quot;single&quot;])" computerName="DESKTOP-EEEM5EM" duration="00:00:00.0216372" startTime="2025-09-04T05:23:20.4939821-07:00" endTime="2025-09-04T05:23:20.4939821-07:00" testType="13cdc9d9-ddb5-4fa4-a97d-d965ccfc6d4b" outcome="Passed" testListId="8c84fa94-04c1-424b-9868-57a2d4851a1d" relativeResultsDirectory="8d2dbb69-74df-414c-91ba-4b19ca78ed1e" />
    <UnitTestResult executionId="ceaa7c74-3429-4de3-8e39-7b0db4fe2e9e" testId="87e7fd49-1555-7f90-7d39-50372fef26fb" testName="Ams.Tests.TextNormalizerTests.Normalize_ShouldNormalizeTextCorrectly(input: &quot;Hello, World!&quot;, expected: &quot;hello world&quot;)" computerName="DESKTOP-EEEM5EM" duration="00:00:00.0007369" startTime="2025-09-04T05:23:20.4905504-07:00" endTime="2025-09-04T05:23:20.4905505-07:00" testType="13cdc9d9-ddb5-4fa4-a97d-d965ccfc6d4b" outcome="Passed" testListId="8c84fa94-04c1-424b-9868-57a2d4851a1d" relativeResultsDirectory="ceaa7c74-3429-4de3-8e39-7b0db4fe2e9e" />
    <UnitTestResult executionId="cd92c11e-b202-4545-9636-5b5d30934c8f" testId="d4eab235-eeeb-fad4-245a-67219ef4eda2" testName="Ams.Tests.RefineStageTests.FingerprintStability_DifferentInputsProduceDifferentHash" computerName="DESKTOP-EEEM5EM" duration="00:00:00.0042032" startTime="2025-09-04T05:23:20.4962812-07:00" endTime="2025-09-04T05:23:20.4962813-07:00" testType="13cdc9d9-ddb5-4fa4-a97d-d965ccfc6d4b" outcome="Passed" testListId="8c84fa94-04c1-424b-9868-57a2d4851a1d" relativeResultsDirectory="cd92c11e-b202-4545-9636-5b5d30934c8f" />
    <UnitTestResult executionId="7a1ad816-e677-4179-a201-090ee0d9b8a1" testId="7aec94dc-d346-4a4b-143b-742f7e2fb894" testName="SilenceWindowPlannerTests.Fails_When_NoValidPath_Strict" computerName="DESKTOP-EEEM5EM" duration="00:00:00.0041299" startTime="2025-09-04T05:23:20.4954945-07:00" endTime="2025-09-04T05:23:20.4954945-07:00" testType="13cdc9d9-ddb5-4fa4-a97d-d965ccfc6d4b" outcome="Passed" testListId="8c84fa94-04c1-424b-9868-57a2d4851a1d" relativeResultsDirectory="7a1ad816-e677-4179-a201-090ee0d9b8a1" />
    <UnitTestResult executionId="66af76b4-f5ca-4d9e-94a2-8b2add4f9240" testId="0f30e344-3450-b34f-b99a-cf26be041bb5" testName="Ams.Tests.AlignChunksStageTests.AlignChunksStage_CallsAeneasServiceForEachChunk" computerName="DESKTOP-EEEM5EM" duration="00:00:00.0771828" startTime="2025-09-04T05:23:20.7383738-07:00" endTime="2025-09-04T05:23:20.7383738-07:00" testType="13cdc9d9-ddb5-4fa4-a97d-d965ccfc6d4b" outcome="Passed" testListId="8c84fa94-04c1-424b-9868-57a2d4851a1d" relativeResultsDirectory="66af76b4-f5ca-4d9e-94a2-8b2add4f9240" />
    <UnitTestResult executionId="eee62f88-0e59-4310-a4d4-79e6d7539ee5" testId="05fbc95c-b6b7-321b-50d8-3926a7d7b06f" testName="Ams.Tests.RefineStageTests.FingerprintStability_SameInputsProduceSameHash" computerName="DESKTOP-EEEM5EM" duration="00:00:00.0788226" startTime="2025-09-04T05:23:20.4957075-07:00" endTime="2025-09-04T05:23:20.4957075-07:00" testType="13cdc9d9-ddb5-4fa4-a97d-d965ccfc6d4b" outcome="Passed" testListId="8c84fa94-04c1-424b-9868-57a2d4851a1d" relativeResultsDirectory="eee62f88-0e59-4310-a4d4-79e6d7539ee5" />
    <UnitTestResult executionId="0eef0616-e046-4340-9130-67553d0a4ada" testId="800daea3-d9bf-9dce-0a71-d775909ab130" testName="Ams.Tests.AlignChunksStageTests.AlignChunksStage_FingerprintIncludesAllInputs" computerName="DESKTOP-EEEM5EM" duration="00:00:00.0087282" startTime="2025-09-04T05:23:20.7476024-07:00" endTime="2025-09-04T05:23:20.7476024-07:00" testType="13cdc9d9-ddb5-4fa4-a97d-d965ccfc6d4b" outcome="Passed" testListId="8c84fa94-04c1-424b-9868-57a2d4851a1d" relativeResultsDirectory="0eef0616-e046-4340-9130-67553d0a4ada" />
    <UnitTestResult executionId="523af4ae-038c-4408-aae0-f055132b06a5" testId="a23083ab-33a1-b02f-225f-4abc7443d317" testName="Ams.Tests.TextNormalizerTests.TokenizeWords_ShouldTokenizeCorrectly(input: &quot;&quot;, expected: [])" computerName="DESKTOP-EEEM5EM" duration="00:00:00.0000245" startTime="2025-09-04T05:23:20.4940780-07:00" endTime="2025-09-04T05:23:20.4940781-07:00" testType="13cdc9d9-ddb5-4fa4-a97d-d965ccfc6d4b" outcome="Passed" testListId="8c84fa94-04c1-424b-9868-57a2d4851a1d" relativeResultsDirectory="523af4ae-038c-4408-aae0-f055132b06a5" />
    <UnitTestResult executionId="e6372358-e216-4c2e-8bea-7991061e8181" testId="b2ba35de-5f1b-8da9-9c7e-da6ffad84fe1" testName="AnchorDiscoveryTests.LisEnforcesMonotonicity" computerName="DESKTOP-EEEM5EM" duration="00:00:00.0172580" startTime="2025-09-04T05:23:20.3985970-07:00" endTime="2025-09-04T05:23:20.3986361-07:00" testType="13cdc9d9-ddb5-4fa4-a97d-d965ccfc6d4b" outcome="Passed" testListId="8c84fa94-04c1-424b-9868-57a2d4851a1d" relativeResultsDirectory="e6372358-e216-4c2e-8bea-7991061e8181" />
    <UnitTestResult executionId="12c22bd1-8a2a-4c9b-98e0-3ca14d7e122d" testId="ea850199-b7e0-412a-e92f-d678b2d6cec0" testName="Ams.Tests.RefineStageTests.ConstraintEnforcement_PreventsOverlap" computerName="DESKTOP-EEEM5EM" duration="00:00:00.0001403" startTime="2025-09-04T05:23:20.4972511-07:00" endTime="2025-09-04T05:23:20.4972512-07:00" testType="13cdc9d9-ddb5-4fa4-a97d-d965ccfc6d4b" outcome="Passed" testListId="8c84fa94-04c1-424b-9868-57a2d4851a1d" relativeResultsDirectory="12c22bd1-8a2a-4c9b-98e0-3ca14d7e122d" />
    <UnitTestResult executionId="1ef54454-8c8f-45f6-9b8f-20a18a32a4cf" testId="64233259-41b3-1a51-3dd5-18177003a0e3" testName="AnchorDiscoveryTests.WindowsAreClampedWithSentinels" computerName="DESKTOP-EEEM5EM" duration="00:00:00.0024710" startTime="2025-09-04T05:23:20.4901405-07:00" endTime="2025-09-04T05:23:20.4901405-07:00" testType="13cdc9d9-ddb5-4fa4-a97d-d965ccfc6d4b" outcome="Passed" testListId="8c84fa94-04c1-424b-9868-57a2d4851a1d" relativeResultsDirectory="1ef54454-8c8f-45f6-9b8f-20a18a32a4cf" />
    <UnitTestResult executionId="6d93742e-a412-46fc-b25f-0bf6724336f1" testId="7dc5b82a-e9ad-170a-b83f-73c3bba3052f" testName="TxAlignTests.Align_SimpleNearMatch_YieldsSubNotDelIns" computerName="DESKTOP-EEEM5EM" duration="00:00:00.0232952" startTime="2025-09-04T05:23:20.4965048-07:00" endTime="2025-09-04T05:23:20.4965048-07:00" testType="13cdc9d9-ddb5-4fa4-a97d-d965ccfc6d4b" outcome="Passed" testListId="8c84fa94-04c1-424b-9868-57a2d4851a1d" relativeResultsDirectory="6d93742e-a412-46fc-b25f-0bf6724336f1" />
    <UnitTestResult executionId="339ec1dc-fe0d-47ba-a134-88cbd088153c" testId="dd4eae30-bdc6-a74b-db53-cdf389b2579a" testName="SectionLocatorTests.AnchorSelection_Respects_Book_Window" computerName="DESKTOP-EEEM5EM" duration="00:00:00.0073474" startTime="2025-09-04T05:23:20.4938413-07:00" endTime="2025-09-04T05:23:20.4938414-07:00" testType="13cdc9d9-ddb5-4fa4-a97d-d965ccfc6d4b" outcome="Passed" testListId="8c84fa94-04c1-424b-9868-57a2d4851a1d" relativeResultsDirectory="339ec1dc-fe0d-47ba-a134-88cbd088153c" />
    <UnitTestResult executionId="70859aa6-1487-4143-9f57-383de46e25d3" testId="ce4505fc-376d-068a-361d-d8ba42ea8b4c" testName="SilenceWindowPlannerTests.RelaxesTail_When_Allowed" computerName="DESKTOP-EEEM5EM" duration="00:00:00.0191860" startTime="2025-09-04T05:23:20.4939191-07:00" endTime="2025-09-04T05:23:20.4939192-07:00" testType="13cdc9d9-ddb5-4fa4-a97d-d965ccfc6d4b" outcome="Passed" testListId="8c84fa94-04c1-424b-9868-57a2d4851a1d" relativeResultsDirectory="70859aa6-1487-4143-9f57-383de46e25d3" />
    <UnitTestResult executionId="9680068a-62fe-481b-ba85-732d448b051b" testId="ce199e2a-e8a5-b4b0-308c-7a69711f4793" testName="Ams.Tests.BookIndexAcceptanceTests.NoNormalization_WordsPreserveExactText" computerName="DESKTOP-EEEM5EM" duration="00:00:00.0040763" startTime="2025-09-04T05:23:20.5801756-07:00" endTime="2025-09-04T05:23:20.5801757-07:00" testType="13cdc9d9-ddb5-4fa4-a97d-d965ccfc6d4b" outcome="Passed" testListId="8c84fa94-04c1-424b-9868-57a2d4851a1d" relativeResultsDirectory="9680068a-62fe-481b-ba85-732d448b051b" />
    <UnitTestResult executionId="7aae531a-a27e-4949-bdf3-c362a2301c76" testId="0fd2c988-bc56-323f-ffa3-36b6944f4aa8" testName="Ams.Tests.ScriptValidatorTests.Validate_WithSubstitution_ShouldCalculateCorrectWER" computerName="DESKTOP-EEEM5EM" duration="00:00:00.0107400" startTime="2025-09-04T05:23:20.5837322-07:00" endTime="2025-09-04T05:23:20.5837323-07:00" testType="13cdc9d9-ddb5-4fa4-a97d-d965ccfc6d4b" outcome="Passed" testListId="8c84fa94-04c1-424b-9868-57a2d4851a1d" relativeResultsDirectory="7aae531a-a27e-4949-bdf3-c362a2301c76" />
    <UnitTestResult executionId="9bef5f5d-6a13-46f5-b1d2-3d1ffada3c04" testId="6f322658-ce49-816f-5f8f-134aa0023550" testName="TxAlignTests.WindowsFromAnchors_AreClampedAndHalfOpen" computerName="DESKTOP-EEEM5EM" duration="00:00:00.0187115" startTime="2025-09-04T05:23:20.4973946-07:00" endTime="2025-09-04T05:23:20.4973947-07:00" testType="13cdc9d9-ddb5-4fa4-a97d-d965ccfc6d4b" outcome="Passed" testListId="8c84fa94-04c1-424b-9868-57a2d4851a1d" relativeResultsDirectory="9bef5f5d-6a13-46f5-b1d2-3d1ffada3c04" />
    <UnitTestResult executionId="3ff66846-ebc5-4f7e-b400-df5d44ea6d60" testId="c37a30f9-abf9-3ce1-ad9e-de44d465e94c" testName="Ams.Tests.TextNormalizerTests.Normalize_ShouldNormalizeTextCorrectly(input: &quot;Don't you think it's great?&quot;, expected: &quot;do not you think it is great&quot;)" computerName="DESKTOP-EEEM5EM" duration="00:00:00.0007186" startTime="2025-09-04T05:23:20.4905959-07:00" endTime="2025-09-04T05:23:20.4905959-07:00" testType="13cdc9d9-ddb5-4fa4-a97d-d965ccfc6d4b" outcome="Passed" testListId="8c84fa94-04c1-424b-9868-57a2d4851a1d" relativeResultsDirectory="3ff66846-ebc5-4f7e-b400-df5d44ea6d60" />
    <UnitTestResult executionId="10b605b2-8ec7-43e5-9004-be49be34ed05" testId="413897d6-4a2a-103d-b71e-91b6c44e340e" testName="Ams.Tests.TextNormalizerTests.Normalize_ShouldNormalizeTextCorrectly(input: &quot;  Multiple    spaces   &quot;, expected: &quot;multiple spaces&quot;)" computerName="DESKTOP-EEEM5EM" duration="00:00:00.0460767" startTime="2025-09-04T05:23:20.4904215-07:00" endTime="2025-09-04T05:23:20.4904216-07:00" testType="13cdc9d9-ddb5-4fa4-a97d-d965ccfc6d4b" outcome="Passed" testListId="8c84fa94-04c1-424b-9868-57a2d4851a1d" relativeResultsDirectory="10b605b2-8ec7-43e5-9004-be49be34ed05" />
  </Results>
  <TestDefinitions>
    <UnitTest name="Ams.Tests.BookIndexAcceptanceTests.NoNormalization_WordsPreserveExactText" storage="/mnt/c/projects/ams/host/ams.tests/bin/release/net9.0/ams.tests.dll" id="ce199e2a-e8a5-b4b0-308c-7a69711f4793">
      <Execution id="9680068a-62fe-481b-ba85-732d448b051b" />
      <TestMethod codeBase="/mnt/c/Projects/ams/host/Ams.Tests/bin/Release/net9.0/Ams.Tests.dll" adapterTypeName="executor://xunit/VsTestRunner2/netcoreapp" className="Ams.Tests.BookIndexAcceptanceTests" name="NoNormalization_WordsPreserveExactText" />
    </UnitTest>
    <UnitTest name="AnchorDiscoveryTests.LisEnforcesMonotonicity" storage="/mnt/c/projects/ams/host/ams.tests/bin/release/net9.0/ams.tests.dll" id="b2ba35de-5f1b-8da9-9c7e-da6ffad84fe1">
      <Execution id="e6372358-e216-4c2e-8bea-7991061e8181" />
      <TestMethod codeBase="/mnt/c/Projects/ams/host/Ams.Tests/bin/Release/net9.0/Ams.Tests.dll" adapterTypeName="executor://xunit/VsTestRunner2/netcoreapp" className="AnchorDiscoveryTests" name="LisEnforcesMonotonicity" />
    </UnitTest>
    <UnitTest name="Ams.Tests.TextNormalizerTests.CalculateSimilarity_ShouldReturnCorrectSimilarity(text1: &quot;completely&quot;, text2: &quot;different&quot;, expectedMin: 0)" storage="/mnt/c/projects/ams/host/ams.tests/bin/release/net9.0/ams.tests.dll" id="7eeaeb1e-d0fd-b280-5ab0-83b1e8cad390">
      <Execution id="c9878be2-77e2-4701-9e87-8432f1bffc6a" />
      <TestMethod codeBase="/mnt/c/Projects/ams/host/Ams.Tests/bin/Release/net9.0/Ams.Tests.dll" adapterTypeName="executor://xunit/VsTestRunner2/netcoreapp" className="Ams.Tests.TextNormalizerTests" name="CalculateSimilarity_ShouldReturnCorrectSimilarity" />
    </UnitTest>
    <UnitTest name="Ams.Tests.TextNormalizerTests.CalculateSimilarity_ShouldReturnCorrectSimilarity(text1: &quot;hello world&quot;, text2: &quot;hello world&quot;, expectedMin: 1)" storage="/mnt/c/projects/ams/host/ams.tests/bin/release/net9.0/ams.tests.dll" id="47928c29-7d3b-7d6b-25de-80c48cd09090">
      <Execution id="a0409553-3ae0-4a22-bae2-e29f53a4302d" />
      <TestMethod codeBase="/mnt/c/Projects/ams/host/Ams.Tests/bin/Release/net9.0/Ams.Tests.dll" adapterTypeName="executor://xunit/VsTestRunner2/netcoreapp" className="Ams.Tests.TextNormalizerTests" name="CalculateSimilarity_ShouldReturnCorrectSimilarity" />
    </UnitTest>
    <UnitTest name="Ams.Tests.AlignChunksStageTests.AlignChunksStage_HandlesServiceErrors" storage="/mnt/c/projects/ams/host/ams.tests/bin/release/net9.0/ams.tests.dll" id="d443ad22-1e89-b02f-b643-79ae6359e3db">
      <Execution id="d4fe6896-7375-4dd7-a31b-4930cfd15e0f" />
      <TestMethod codeBase="/mnt/c/Projects/ams/host/Ams.Tests/bin/Release/net9.0/Ams.Tests.dll" adapterTypeName="executor://xunit/VsTestRunner2/netcoreapp" className="Ams.Tests.AlignChunksStageTests" name="AlignChunksStage_HandlesServiceErrors" />
    </UnitTest>
    <UnitTest name="AnchorDiscoveryTests.WindowsAreClampedWithSentinels" storage="/mnt/c/projects/ams/host/ams.tests/bin/release/net9.0/ams.tests.dll" id="64233259-41b3-1a51-3dd5-18177003a0e3">
      <Execution id="1ef54454-8c8f-45f6-9b8f-20a18a32a4cf" />
      <TestMethod codeBase="/mnt/c/Projects/ams/host/Ams.Tests/bin/Release/net9.0/Ams.Tests.dll" adapterTypeName="executor://xunit/VsTestRunner2/netcoreapp" className="AnchorDiscoveryTests" name="WindowsAreClampedWithSentinels" />
    </UnitTest>
    <UnitTest name="Ams.Tests.BookModelsTests.BookWord_CanonicalShape" storage="/mnt/c/projects/ams/host/ams.tests/bin/release/net9.0/ams.tests.dll" id="49fd7152-ce1b-b38e-13f3-c619091ada78">
      <Execution id="f92ca1c7-b9b9-4b07-aa08-deac491ae78d" />
      <TestMethod codeBase="/mnt/c/Projects/ams/host/Ams.Tests/bin/Release/net9.0/Ams.Tests.dll" adapterTypeName="executor://xunit/VsTestRunner2/netcoreapp" className="Ams.Tests.BookModelsTests" name="BookWord_CanonicalShape" />
    </UnitTest>
    <UnitTest name="Ams.Tests.BookModelsTests.BookIndexOptions_Defaults" storage="/mnt/c/projects/ams/host/ams.tests/bin/release/net9.0/ams.tests.dll" id="e25a67b2-092d-29ea-936e-e7ca57868fd1">
      <Execution id="71264dae-8bc6-4f60-beb6-51bb7a9a7899" />
      <TestMethod codeBase="/mnt/c/Projects/ams/host/Ams.Tests/bin/Release/net9.0/Ams.Tests.dll" adapterTypeName="executor://xunit/VsTestRunner2/netcoreapp" className="Ams.Tests.BookModelsTests" name="BookIndexOptions_Defaults" />
    </UnitTest>
    <UnitTest name="Ams.Tests.RefineStageTests.FingerprintStability_SameInputsProduceSameHash" storage="/mnt/c/projects/ams/host/ams.tests/bin/release/net9.0/ams.tests.dll" id="05fbc95c-b6b7-321b-50d8-3926a7d7b06f">
      <Execution id="eee62f88-0e59-4310-a4d4-79e6d7539ee5" />
      <TestMethod codeBase="/mnt/c/Projects/ams/host/Ams.Tests/bin/Release/net9.0/Ams.Tests.dll" adapterTypeName="executor://xunit/VsTestRunner2/netcoreapp" className="Ams.Tests.RefineStageTests" name="FingerprintStability_SameInputsProduceSameHash" />
    </UnitTest>
    <UnitTest name="Ams.Tests.ScriptValidatorTests.Validate_WithContractions_ShouldNormalizeCorrectly" storage="/mnt/c/projects/ams/host/ams.tests/bin/release/net9.0/ams.tests.dll" id="c3752748-5475-0142-24fa-0654d12f7328">
      <Execution id="7e249ca6-158b-45f1-a65d-b29c4360801e" />
      <TestMethod codeBase="/mnt/c/Projects/ams/host/Ams.Tests/bin/Release/net9.0/Ams.Tests.dll" adapterTypeName="executor://xunit/VsTestRunner2/netcoreapp" className="Ams.Tests.ScriptValidatorTests" name="Validate_WithContractions_ShouldNormalizeCorrectly" />
    </UnitTest>
    <UnitTest name="Ams.Tests.TextNormalizerTests.Normalize_ShouldNormalizeTextCorrectly(input: &quot;Don't you think it's great?&quot;, expected: &quot;do not you think it is great&quot;)" storage="/mnt/c/projects/ams/host/ams.tests/bin/release/net9.0/ams.tests.dll" id="c37a30f9-abf9-3ce1-ad9e-de44d465e94c">
      <Execution id="3ff66846-ebc5-4f7e-b400-df5d44ea6d60" />
      <TestMethod codeBase="/mnt/c/Projects/ams/host/Ams.Tests/bin/Release/net9.0/Ams.Tests.dll" adapterTypeName="executor://xunit/VsTestRunner2/netcoreapp" className="Ams.Tests.TextNormalizerTests" name="Normalize_ShouldNormalizeTextCorrectly" />
    </UnitTest>
    <UnitTest name="Ams.Tests.BookIndexAcceptanceTests.StructureRanges_CoverAllWords_NoGaps" storage="/mnt/c/projects/ams/host/ams.tests/bin/release/net9.0/ams.tests.dll" id="1808feb9-34c3-753a-4208-391636bb17b0">
      <Execution id="269d368e-1c47-42da-89e6-36871b2cdf4e" />
      <TestMethod codeBase="/mnt/c/Projects/ams/host/Ams.Tests/bin/Release/net9.0/Ams.Tests.dll" adapterTypeName="executor://xunit/VsTestRunner2/netcoreapp" className="Ams.Tests.BookIndexAcceptanceTests" name="StructureRanges_CoverAllWords_NoGaps" />
    </UnitTest>
    <UnitTest name="Ams.Tests.TextNormalizerTests.CalculateSimilarity_ShouldReturnCorrectSimilarity(text1: &quot;hello&quot;, text2: &quot;helo&quot;, expectedMin: 0.80000000000000004)" storage="/mnt/c/projects/ams/host/ams.tests/bin/release/net9.0/ams.tests.dll" id="632ef7c6-71d1-3a9b-9119-502772aa3e45">
      <Execution id="da983fa8-88d3-4f35-8b41-e6368a280381" />
      <TestMethod codeBase="/mnt/c/Projects/ams/host/Ams.Tests/bin/Release/net9.0/Ams.Tests.dll" adapterTypeName="executor://xunit/VsTestRunner2/netcoreapp" className="Ams.Tests.TextNormalizerTests" name="CalculateSimilarity_ShouldReturnCorrectSimilarity" />
    </UnitTest>
    <UnitTest name="Ams.Tests.BookIndexAcceptanceTests.Slimness_WordsContainOnlyCanonicalFields" storage="/mnt/c/projects/ams/host/ams.tests/bin/release/net9.0/ams.tests.dll" id="8283c47b-3b50-226b-bd96-47e3b726ed8e">
      <Execution id="96e52561-1d91-4b41-b20d-9ace71aca608" />
      <TestMethod codeBase="/mnt/c/Projects/ams/host/Ams.Tests/bin/Release/net9.0/Ams.Tests.dll" adapterTypeName="executor://xunit/VsTestRunner2/netcoreapp" className="Ams.Tests.BookIndexAcceptanceTests" name="Slimness_WordsContainOnlyCanonicalFields" />
    </UnitTest>
    <UnitTest name="Ams.Tests.TextNormalizerTests.Normalize_ShouldNormalizeTextCorrectly(input: &quot;Hello, World!&quot;, expected: &quot;hello world&quot;)" storage="/mnt/c/projects/ams/host/ams.tests/bin/release/net9.0/ams.tests.dll" id="87e7fd49-1555-7f90-7d39-50372fef26fb">
      <Execution id="ceaa7c74-3429-4de3-8e39-7b0db4fe2e9e" />
      <TestMethod codeBase="/mnt/c/Projects/ams/host/Ams.Tests/bin/Release/net9.0/Ams.Tests.dll" adapterTypeName="executor://xunit/VsTestRunner2/netcoreapp" className="Ams.Tests.TextNormalizerTests" name="Normalize_ShouldNormalizeTextCorrectly" />
    </UnitTest>
    <UnitTest name="Ams.Tests.TextNormalizerTests.Normalize_ShouldNormalizeTextCorrectly(input: &quot;  Multiple    spaces   &quot;, expected: &quot;multiple spaces&quot;)" storage="/mnt/c/projects/ams/host/ams.tests/bin/release/net9.0/ams.tests.dll" id="413897d6-4a2a-103d-b71e-91b6c44e340e">
      <Execution id="10b605b2-8ec7-43e5-9004-be49be34ed05" />
      <TestMethod codeBase="/mnt/c/Projects/ams/host/Ams.Tests/bin/Release/net9.0/Ams.Tests.dll" adapterTypeName="executor://xunit/VsTestRunner2/netcoreapp" className="Ams.Tests.TextNormalizerTests" name="Normalize_ShouldNormalizeTextCorrectly" />
    </UnitTest>
    <UnitTest name="Ams.Tests.TextNormalizerTests.TokenizeWords_ShouldTokenizeCorrectly(input: &quot;&quot;, expected: [])" storage="/mnt/c/projects/ams/host/ams.tests/bin/release/net9.0/ams.tests.dll" id="a23083ab-33a1-b02f-225f-4abc7443d317">
      <Execution id="523af4ae-038c-4408-aae0-f055132b06a5" />
      <TestMethod codeBase="/mnt/c/Projects/ams/host/Ams.Tests/bin/Release/net9.0/Ams.Tests.dll" adapterTypeName="executor://xunit/VsTestRunner2/netcoreapp" className="Ams.Tests.TextNormalizerTests" name="TokenizeWords_ShouldTokenizeCorrectly" />
    </UnitTest>
    <UnitTest name="AnchorDiscoveryTests.UniqueTrigrams_ProduceAnchors" storage="/mnt/c/projects/ams/host/ams.tests/bin/release/net9.0/ams.tests.dll" id="3551e2ef-90be-af89-b001-a537b687a3fc">
      <Execution id="5c7bb498-8bb3-4e29-8e87-a67c6a22ab4f" />
      <TestMethod codeBase="/mnt/c/Projects/ams/host/Ams.Tests/bin/Release/net9.0/Ams.Tests.dll" adapterTypeName="executor://xunit/VsTestRunner2/netcoreapp" className="AnchorDiscoveryTests" name="UniqueTrigrams_ProduceAnchors" />
    </UnitTest>
    <UnitTest name="TxAlignTests.Align_SimpleNearMatch_YieldsSubNotDelIns" storage="/mnt/c/projects/ams/host/ams.tests/bin/release/net9.0/ams.tests.dll" id="7dc5b82a-e9ad-170a-b83f-73c3bba3052f">
      <Execution id="6d93742e-a412-46fc-b25f-0bf6724336f1" />
      <TestMethod codeBase="/mnt/c/Projects/ams/host/Ams.Tests/bin/Release/net9.0/Ams.Tests.dll" adapterTypeName="executor://xunit/VsTestRunner2/netcoreapp" className="TxAlignTests" name="Align_SimpleNearMatch_YieldsSubNotDelIns" />
    </UnitTest>
    <UnitTest name="Ams.Tests.RefineStageTests.SnapToSilenceStart_FindsEarliestQualifyingSilence" storage="/mnt/c/projects/ams/host/ams.tests/bin/release/net9.0/ams.tests.dll" id="100b2750-8f65-7794-36d0-0f792d08579a">
      <Execution id="555045ff-d55e-4baa-b596-1072be943d73" />
      <TestMethod codeBase="/mnt/c/Projects/ams/host/Ams.Tests/bin/Release/net9.0/Ams.Tests.dll" adapterTypeName="executor://xunit/VsTestRunner2/netcoreapp" className="Ams.Tests.RefineStageTests" name="SnapToSilenceStart_FindsEarliestQualifyingSilence" />
    </UnitTest>
    <UnitTest name="Ams.Tests.ScriptValidatorTests.Validate_PerfectMatch_ShouldReturnZeroWER" storage="/mnt/c/projects/ams/host/ams.tests/bin/release/net9.0/ams.tests.dll" id="f324b4ec-d3a2-90b7-9cb2-c60100e0c16e">
      <Execution id="0918d6b3-347e-4110-a291-bf3c0eb3dc7d" />
      <TestMethod codeBase="/mnt/c/Projects/ams/host/Ams.Tests/bin/Release/net9.0/Ams.Tests.dll" adapterTypeName="executor://xunit/VsTestRunner2/netcoreapp" className="Ams.Tests.ScriptValidatorTests" name="Validate_PerfectMatch_ShouldReturnZeroWER" />
    </UnitTest>
    <UnitTest name="Ams.Tests.TextNormalizerTests.CalculateSimilarity_ShouldReturnCorrectSimilarity(text1: &quot;&quot;, text2: &quot;&quot;, expectedMin: 1)" storage="/mnt/c/projects/ams/host/ams.tests/bin/release/net9.0/ams.tests.dll" id="3b48470e-ddf2-574f-3365-1ac6c2f89433">
      <Execution id="9163bf95-0fa0-4f83-b259-c2becc9c4ad1" />
      <TestMethod codeBase="/mnt/c/Projects/ams/host/Ams.Tests/bin/Release/net9.0/Ams.Tests.dll" adapterTypeName="executor://xunit/VsTestRunner2/netcoreapp" className="Ams.Tests.TextNormalizerTests" name="CalculateSimilarity_ShouldReturnCorrectSimilarity" />
    </UnitTest>
    <UnitTest name="Ams.Tests.ScriptValidatorTests.Validate_WithSubstitution_ShouldCalculateCorrectWER" storage="/mnt/c/projects/ams/host/ams.tests/bin/release/net9.0/ams.tests.dll" id="0fd2c988-bc56-323f-ffa3-36b6944f4aa8">
      <Execution id="7aae531a-a27e-4949-bdf3-c362a2301c76" />
      <TestMethod codeBase="/mnt/c/Projects/ams/host/Ams.Tests/bin/Release/net9.0/Ams.Tests.dll" adapterTypeName="executor://xunit/VsTestRunner2/netcoreapp" className="Ams.Tests.ScriptValidatorTests" name="Validate_WithSubstitution_ShouldCalculateCorrectWER" />
    </UnitTest>
    <UnitTest name="Ams.Tests.BookParsingTests.Parser_Unsupported_Throws" storage="/mnt/c/projects/ams/host/ams.tests/bin/release/net9.0/ams.tests.dll" id="1464447b-28fa-5bce-642d-f1222edd8ffd">
      <Execution id="fcca1a8e-9400-4a9e-b783-7feb65b0cc1b" />
      <TestMethod codeBase="/mnt/c/Projects/ams/host/Ams.Tests/bin/Release/net9.0/Ams.Tests.dll" adapterTypeName="executor://xunit/VsTestRunner2/netcoreapp" className="Ams.Tests.BookParsingTests" name="Parser_Unsupported_Throws" />
    </UnitTest>
    <UnitTest name="Ams.Tests.BookParsingTests.Parser_Text_NoNormalization" storage="/mnt/c/projects/ams/host/ams.tests/bin/release/net9.0/ams.tests.dll" id="be424ed0-f3cc-f9e3-c21e-6c4dcc1d723a">
      <Execution id="f3a2cf86-72c7-4485-9bc4-c241b4da4644" />
      <TestMethod codeBase="/mnt/c/Projects/ams/host/Ams.Tests/bin/Release/net9.0/Ams.Tests.dll" adapterTypeName="executor://xunit/VsTestRunner2/netcoreapp" className="Ams.Tests.BookParsingTests" name="Parser_Text_NoNormalization" />
    </UnitTest>
    <UnitTest name="Ams.Tests.RefineStageTests.ConstraintEnforcement_PreventsOverlap" storage="/mnt/c/projects/ams/host/ams.tests/bin/release/net9.0/ams.tests.dll" id="ea850199-b7e0-412a-e92f-d678b2d6cec0">
      <Execution id="12c22bd1-8a2a-4c9b-98e0-3ca14d7e122d" />
      <TestMethod codeBase="/mnt/c/Projects/ams/host/Ams.Tests/bin/Release/net9.0/Ams.Tests.dll" adapterTypeName="executor://xunit/VsTestRunner2/netcoreapp" className="Ams.Tests.RefineStageTests" name="ConstraintEnforcement_PreventsOverlap" />
    </UnitTest>
    <UnitTest name="Ams.Tests.RefineStageTests.SnapToSilenceStart_RespectsBoundaryConstraints" storage="/mnt/c/projects/ams/host/ams.tests/bin/release/net9.0/ams.tests.dll" id="005993ad-155b-74c6-7907-6bf6c1cb8d14">
      <Execution id="bc0b6862-a511-4f1e-b8bd-49a9e4594773" />
      <TestMethod codeBase="/mnt/c/Projects/ams/host/Ams.Tests/bin/Release/net9.0/Ams.Tests.dll" adapterTypeName="executor://xunit/VsTestRunner2/netcoreapp" className="Ams.Tests.RefineStageTests" name="SnapToSilenceStart_RespectsBoundaryConstraints" />
    </UnitTest>
    <UnitTest name="Ams.Tests.AlignChunksStageTests.AlignChunksStage_CallsAeneasServiceForEachChunk" storage="/mnt/c/projects/ams/host/ams.tests/bin/release/net9.0/ams.tests.dll" id="0f30e344-3450-b34f-b99a-cf26be041bb5">
      <Execution id="66af76b4-f5ca-4d9e-94a2-8b2add4f9240" />
      <TestMethod codeBase="/mnt/c/Projects/ams/host/Ams.Tests/bin/Release/net9.0/Ams.Tests.dll" adapterTypeName="executor://xunit/VsTestRunner2/netcoreapp" className="Ams.Tests.AlignChunksStageTests" name="AlignChunksStage_CallsAeneasServiceForEachChunk" />
    </UnitTest>
    <UnitTest name="Ams.Tests.RefineStageTests.SnapToSilenceStart_FiltersOutShortSilences" storage="/mnt/c/projects/ams/host/ams.tests/bin/release/net9.0/ams.tests.dll" id="0c9b49c2-cb0a-9c14-f54a-23811bd1f3dc">
      <Execution id="cde558ec-dabf-4232-9d58-9d56f617f3e0" />
      <TestMethod codeBase="/mnt/c/Projects/ams/host/Ams.Tests/bin/Release/net9.0/Ams.Tests.dll" adapterTypeName="executor://xunit/VsTestRunner2/netcoreapp" className="Ams.Tests.RefineStageTests" name="SnapToSilenceStart_FiltersOutShortSilences" />
    </UnitTest>
    <UnitTest name="Ams.Tests.TextNormalizerTests.Normalize_ShouldNormalizeTextCorrectly(input: &quot;&quot;, expected: &quot;&quot;)" storage="/mnt/c/projects/ams/host/ams.tests/bin/release/net9.0/ams.tests.dll" id="4d01b460-4c7a-ee77-5aa8-5070df42945e">
      <Execution id="a2e08158-6ee9-4559-a01f-8a178a962a01" />
      <TestMethod codeBase="/mnt/c/Projects/ams/host/Ams.Tests/bin/Release/net9.0/Ams.Tests.dll" adapterTypeName="executor://xunit/VsTestRunner2/netcoreapp" className="Ams.Tests.TextNormalizerTests" name="Normalize_ShouldNormalizeTextCorrectly" />
    </UnitTest>
    <UnitTest name="Ams.Tests.RefineStageTests.ChunkTimeConversion_ConvertsToChapterCoordinates" storage="/mnt/c/projects/ams/host/ams.tests/bin/release/net9.0/ams.tests.dll" id="8ab0da46-dc27-0a33-1524-718a9268d937">
      <Execution id="9cc91fce-8433-4425-b938-f2820a3bf60a" />
      <TestMethod codeBase="/mnt/c/Projects/ams/host/Ams.Tests/bin/Release/net9.0/Ams.Tests.dll" adapterTypeName="executor://xunit/VsTestRunner2/netcoreapp" className="Ams.Tests.RefineStageTests" name="ChunkTimeConversion_ConvertsToChapterCoordinates" />
    </UnitTest>
    <UnitTest name="Ams.Tests.RefineStageTests.SnapToSilenceStart_NoQualifyingSilence_KeepsOriginalEnd" storage="/mnt/c/projects/ams/host/ams.tests/bin/release/net9.0/ams.tests.dll" id="1d745ee8-f9d2-061e-6fa8-b146612ad275">
      <Execution id="00132f74-8b29-471e-adb3-cab6180699b5" />
      <TestMethod codeBase="/mnt/c/Projects/ams/host/Ams.Tests/bin/Release/net9.0/Ams.Tests.dll" adapterTypeName="executor://xunit/VsTestRunner2/netcoreapp" className="Ams.Tests.RefineStageTests" name="SnapToSilenceStart_NoQualifyingSilence_KeepsOriginalEnd" />
    </UnitTest>
    <UnitTest name="Ams.Tests.TextNormalizerTests.CalculateSimilarity_ShouldReturnCorrectSimilarity(text1: &quot;&quot;, text2: &quot;something&quot;, expectedMin: 0)" storage="/mnt/c/projects/ams/host/ams.tests/bin/release/net9.0/ams.tests.dll" id="c600fba3-eac4-0732-8d5f-50230ecfb70b">
      <Execution id="17c5e7a3-3306-43ca-ad04-cd5fd07b055c" />
      <TestMethod codeBase="/mnt/c/Projects/ams/host/Ams.Tests/bin/Release/net9.0/Ams.Tests.dll" adapterTypeName="executor://xunit/VsTestRunner2/netcoreapp" className="Ams.Tests.TextNormalizerTests" name="CalculateSimilarity_ShouldReturnCorrectSimilarity" />
    </UnitTest>
    <UnitTest name="SectionLocatorTests.Preprocessor_And_Pipeline_Map_And_Restrict" storage="/mnt/c/projects/ams/host/ams.tests/bin/release/net9.0/ams.tests.dll" id="a2d9ec76-d348-4214-957c-d85d4723c049">
      <Execution id="c3c15684-dd03-4af2-86a0-785c35d4d02c" />
      <TestMethod codeBase="/mnt/c/Projects/ams/host/Ams.Tests/bin/Release/net9.0/Ams.Tests.dll" adapterTypeName="executor://xunit/VsTestRunner2/netcoreapp" className="SectionLocatorTests" name="Preprocessor_And_Pipeline_Map_And_Restrict" />
    </UnitTest>
    <UnitTest name="Ams.Tests.ScriptValidatorTests.Validate_WithInsertion_ShouldCalculateCorrectWER" storage="/mnt/c/projects/ams/host/ams.tests/bin/release/net9.0/ams.tests.dll" id="778d8c9a-449e-15af-321e-b8ec01eb1670">
      <Execution id="3f96934e-08bc-4979-b5d2-62f9e02d33c4" />
      <TestMethod codeBase="/mnt/c/Projects/ams/host/Ams.Tests/bin/Release/net9.0/Ams.Tests.dll" adapterTypeName="executor://xunit/VsTestRunner2/netcoreapp" className="Ams.Tests.ScriptValidatorTests" name="Validate_WithInsertion_ShouldCalculateCorrectWER" />
    </UnitTest>
    <UnitTest name="SectionLocatorTests.Detects_Chapter_From_Asr_Prefix" storage="/mnt/c/projects/ams/host/ams.tests/bin/release/net9.0/ams.tests.dll" id="97d4c0ad-695f-453e-9a23-6deba3f062e2">
      <Execution id="83d9e3a1-7f95-4ff7-80ad-5db2aa0d9716" />
      <TestMethod codeBase="/mnt/c/Projects/ams/host/Ams.Tests/bin/Release/net9.0/Ams.Tests.dll" adapterTypeName="executor://xunit/VsTestRunner2/netcoreapp" className="SectionLocatorTests" name="Detects_Chapter_From_Asr_Prefix" />
    </UnitTest>
    <UnitTest name="SilenceWindowPlannerTests.RelaxesTail_When_Allowed" storage="/mnt/c/projects/ams/host/ams.tests/bin/release/net9.0/ams.tests.dll" id="ce4505fc-376d-068a-361d-d8ba42ea8b4c">
      <Execution id="70859aa6-1487-4143-9f57-383de46e25d3" />
      <TestMethod codeBase="/mnt/c/Projects/ams/host/Ams.Tests/bin/Release/net9.0/Ams.Tests.dll" adapterTypeName="executor://xunit/VsTestRunner2/netcoreapp" className="SilenceWindowPlannerTests" name="RelaxesTail_When_Allowed" />
    </UnitTest>
    <UnitTest name="Ams.Tests.Pipeline.PipelineIntegrationTests.DetectThenPlan_EndToEnd" storage="/mnt/c/projects/ams/host/ams.tests/bin/release/net9.0/ams.tests.dll" id="acf88023-75f2-8800-84c9-e7f94aa81257">
      <Execution id="08b8de2b-7045-4d9d-aa3b-327ad2d70c8e" />
      <TestMethod codeBase="/mnt/c/Projects/ams/host/Ams.Tests/bin/Release/net9.0/Ams.Tests.dll" adapterTypeName="executor://xunit/VsTestRunner2/netcoreapp" className="Ams.Tests.Pipeline.PipelineIntegrationTests" name="DetectThenPlan_EndToEnd" />
    </UnitTest>
    <UnitTest name="SilenceWindowPlannerTests.Plans_DenseCandidates_Strict" storage="/mnt/c/projects/ams/host/ams.tests/bin/release/net9.0/ams.tests.dll" id="f75292ee-d5ad-2ea5-5648-85031c012d05">
      <Execution id="7033f78e-d473-46db-b0c3-ab0ff4b4709c" />
      <TestMethod codeBase="/mnt/c/Projects/ams/host/Ams.Tests/bin/Release/net9.0/Ams.Tests.dll" adapterTypeName="executor://xunit/VsTestRunner2/netcoreapp" className="SilenceWindowPlannerTests" name="Plans_DenseCandidates_Strict" />
    </UnitTest>
    <UnitTest name="Ams.Tests.Pipeline.PipelineIntegrationTests.DetectSilence_CreatesArtifacts" storage="/mnt/c/projects/ams/host/ams.tests/bin/release/net9.0/ams.tests.dll" id="160dbc4b-1363-1ee1-fdc9-00f2be8c74bc">
      <Execution id="da41b480-d7b3-407d-9c0e-99f83a22d8fc" />
      <TestMethod codeBase="/mnt/c/Projects/ams/host/Ams.Tests/bin/Release/net9.0/Ams.Tests.dll" adapterTypeName="executor://xunit/VsTestRunner2/netcoreapp" className="Ams.Tests.Pipeline.PipelineIntegrationTests" name="DetectSilence_CreatesArtifacts" />
    </UnitTest>
    <UnitTest name="Ams.Tests.TextNormalizerTests.TokenizeWords_ShouldTokenizeCorrectly(input: &quot;hello world test&quot;, expected: [&quot;hello&quot;, &quot;world&quot;, &quot;test&quot;])" storage="/mnt/c/projects/ams/host/ams.tests/bin/release/net9.0/ams.tests.dll" id="54c4ad58-712a-a220-d291-9c7f35769d76">
      <Execution id="aee17a4b-ba3e-4e94-8985-47be1b577a6c" />
      <TestMethod codeBase="/mnt/c/Projects/ams/host/Ams.Tests/bin/Release/net9.0/Ams.Tests.dll" adapterTypeName="executor://xunit/VsTestRunner2/netcoreapp" className="Ams.Tests.TextNormalizerTests" name="TokenizeWords_ShouldTokenizeCorrectly" />
    </UnitTest>
    <UnitTest name="Ams.Tests.BookIndexAcceptanceTests.CacheReuse_InvalidatedOnSourceChange" storage="/mnt/c/projects/ams/host/ams.tests/bin/release/net9.0/ams.tests.dll" id="f61fff2b-ff7e-c6fc-05fb-1810c6c24a46">
      <Execution id="a1ea18ac-3289-433b-90f4-aff02ecf8e75" />
      <TestMethod codeBase="/mnt/c/Projects/ams/host/Ams.Tests/bin/Release/net9.0/Ams.Tests.dll" adapterTypeName="executor://xunit/VsTestRunner2/netcoreapp" className="Ams.Tests.BookIndexAcceptanceTests" name="CacheReuse_InvalidatedOnSourceChange" />
    </UnitTest>
    <UnitTest name="Ams.Tests.RefineStageTests.FingerprintStability_DifferentInputsProduceDifferentHash" storage="/mnt/c/projects/ams/host/ams.tests/bin/release/net9.0/ams.tests.dll" id="d4eab235-eeeb-fad4-245a-67219ef4eda2">
      <Execution id="cd92c11e-b202-4545-9636-5b5d30934c8f" />
      <TestMethod codeBase="/mnt/c/Projects/ams/host/Ams.Tests/bin/Release/net9.0/Ams.Tests.dll" adapterTypeName="executor://xunit/VsTestRunner2/netcoreapp" className="Ams.Tests.RefineStageTests" name="FingerprintStability_DifferentInputsProduceDifferentHash" />
    </UnitTest>
    <UnitTest name="Ams.Tests.BookIndexAcceptanceTests.Canonical_RoundTrip_DeterministicBytes_WithCache" storage="/mnt/c/projects/ams/host/ams.tests/bin/release/net9.0/ams.tests.dll" id="1e5a9251-4654-e660-a358-c7f12eb79e77">
      <Execution id="a099e405-d882-46be-ac46-e8d6e1e93e4a" />
      <TestMethod codeBase="/mnt/c/Projects/ams/host/Ams.Tests/bin/Release/net9.0/Ams.Tests.dll" adapterTypeName="executor://xunit/VsTestRunner2/netcoreapp" className="Ams.Tests.BookIndexAcceptanceTests" name="Canonical_RoundTrip_DeterministicBytes_WithCache" />
    </UnitTest>
    <UnitTest name="SilenceWindowPlannerTests.Fails_When_NoValidPath_Strict" storage="/mnt/c/projects/ams/host/ams.tests/bin/release/net9.0/ams.tests.dll" id="7aec94dc-d346-4a4b-143b-742f7e2fb894">
      <Execution id="7a1ad816-e677-4179-a201-090ee0d9b8a1" />
      <TestMethod codeBase="/mnt/c/Projects/ams/host/Ams.Tests/bin/Release/net9.0/Ams.Tests.dll" adapterTypeName="executor://xunit/VsTestRunner2/netcoreapp" className="SilenceWindowPlannerTests" name="Fails_When_NoValidPath_Strict" />
    </UnitTest>
    <UnitTest name="Ams.Tests.AlignChunksStageTests.AlignChunksStage_FingerprintIncludesAllInputs" storage="/mnt/c/projects/ams/host/ams.tests/bin/release/net9.0/ams.tests.dll" id="800daea3-d9bf-9dce-0a71-d775909ab130">
      <Execution id="0eef0616-e046-4340-9130-67553d0a4ada" />
      <TestMethod codeBase="/mnt/c/Projects/ams/host/Ams.Tests/bin/Release/net9.0/Ams.Tests.dll" adapterTypeName="executor://xunit/VsTestRunner2/netcoreapp" className="Ams.Tests.AlignChunksStageTests" name="AlignChunksStage_FingerprintIncludesAllInputs" />
    </UnitTest>
    <UnitTest name="Ams.Tests.TextNormalizerTests.Normalize_ShouldNormalizeTextCorrectly(input: &quot;I can't believe it's 123 degrees!&quot;, expected: &quot;i cannot believe it is one hundred twenty three de&quot;···)" storage="/mnt/c/projects/ams/host/ams.tests/bin/release/net9.0/ams.tests.dll" id="c41ca717-f2c7-fb7b-ee40-a545934f7019">
      <Execution id="89238512-52cc-43da-8351-6eb50061f075" />
      <TestMethod codeBase="/mnt/c/Projects/ams/host/Ams.Tests/bin/Release/net9.0/Ams.Tests.dll" adapterTypeName="executor://xunit/VsTestRunner2/netcoreapp" className="Ams.Tests.TextNormalizerTests" name="Normalize_ShouldNormalizeTextCorrectly" />
    </UnitTest>
    <UnitTest name="Ams.Tests.RefineStageTests.ConstraintEnforcement_EnsuresMinimumDuration" storage="/mnt/c/projects/ams/host/ams.tests/bin/release/net9.0/ams.tests.dll" id="7db175b1-f62d-d603-663e-33581a051546">
      <Execution id="4948437a-2d4e-4ca1-bd9f-4859c717d758" />
      <TestMethod codeBase="/mnt/c/Projects/ams/host/Ams.Tests/bin/Release/net9.0/Ams.Tests.dll" adapterTypeName="executor://xunit/VsTestRunner2/netcoreapp" className="Ams.Tests.RefineStageTests" name="ConstraintEnforcement_EnsuresMinimumDuration" />
    </UnitTest>
    <UnitTest name="Ams.Tests.BookParsingTests.BookParser_CanParse_Extensions" storage="/mnt/c/projects/ams/host/ams.tests/bin/release/net9.0/ams.tests.dll" id="6f9d102c-37fa-89c4-7126-8b4bd721e427">
      <Execution id="1f433c8f-fc57-4b4e-9439-db1c60ac5c92" />
      <TestMethod codeBase="/mnt/c/Projects/ams/host/Ams.Tests/bin/Release/net9.0/Ams.Tests.dll" adapterTypeName="executor://xunit/VsTestRunner2/netcoreapp" className="Ams.Tests.BookParsingTests" name="BookParser_CanParse_Extensions" />
    </UnitTest>
    <UnitTest name="Ams.Tests.ScriptValidatorTests.Validate_ComplexScenario_ShouldCalculateCorrectMetrics" storage="/mnt/c/projects/ams/host/ams.tests/bin/release/net9.0/ams.tests.dll" id="bb9a5e2b-c764-c78c-86ff-2bb83564cb1e">
      <Execution id="df2b8b9c-48ec-4fba-9032-62637ee01d03" />
      <TestMethod codeBase="/mnt/c/Projects/ams/host/Ams.Tests/bin/Release/net9.0/Ams.Tests.dll" adapterTypeName="executor://xunit/VsTestRunner2/netcoreapp" className="Ams.Tests.ScriptValidatorTests" name="Validate_ComplexScenario_ShouldCalculateCorrectMetrics" />
    </UnitTest>
    <UnitTest name="Ams.Tests.ScriptValidatorTests.Validate_WithDeletion_ShouldCalculateCorrectWER" storage="/mnt/c/projects/ams/host/ams.tests/bin/release/net9.0/ams.tests.dll" id="00f1bc45-48c1-b12d-f6d6-5c7703be8472">
      <Execution id="456a1423-af34-48fc-9a06-125d75aad725" />
      <TestMethod codeBase="/mnt/c/Projects/ams/host/Ams.Tests/bin/Release/net9.0/Ams.Tests.dll" adapterTypeName="executor://xunit/VsTestRunner2/netcoreapp" className="Ams.Tests.ScriptValidatorTests" name="Validate_WithDeletion_ShouldCalculateCorrectWER" />
    </UnitTest>
    <UnitTest name="TxAlignTests.WindowsFromAnchors_AreClampedAndHalfOpen" storage="/mnt/c/projects/ams/host/ams.tests/bin/release/net9.0/ams.tests.dll" id="6f322658-ce49-816f-5f8f-134aa0023550">
      <Execution id="9bef5f5d-6a13-46f5-b1d2-3d1ffada3c04" />
      <TestMethod codeBase="/mnt/c/Projects/ams/host/Ams.Tests/bin/Release/net9.0/Ams.Tests.dll" adapterTypeName="executor://xunit/VsTestRunner2/netcoreapp" className="TxAlignTests" name="WindowsFromAnchors_AreClampedAndHalfOpen" />
    </UnitTest>
    <UnitTest name="Ams.Tests.TextNormalizerTests.TokenizeWords_ShouldTokenizeCorrectly(input: &quot;single&quot;, expected: [&quot;single&quot;])" storage="/mnt/c/projects/ams/host/ams.tests/bin/release/net9.0/ams.tests.dll" id="c644a1e7-5e14-9700-be6c-d72e977211ce">
      <Execution id="8d2dbb69-74df-414c-91ba-4b19ca78ed1e" />
      <TestMethod codeBase="/mnt/c/Projects/ams/host/Ams.Tests/bin/Release/net9.0/Ams.Tests.dll" adapterTypeName="executor://xunit/VsTestRunner2/netcoreapp" className="Ams.Tests.TextNormalizerTests" name="TokenizeWords_ShouldTokenizeCorrectly" />
    </UnitTest>
    <UnitTest name="SectionLocatorTests.AnchorSelection_Respects_Book_Window" storage="/mnt/c/projects/ams/host/ams.tests/bin/release/net9.0/ams.tests.dll" id="dd4eae30-bdc6-a74b-db53-cdf389b2579a">
      <Execution id="339ec1dc-fe0d-47ba-a134-88cbd088153c" />
      <TestMethod codeBase="/mnt/c/Projects/ams/host/Ams.Tests/bin/Release/net9.0/Ams.Tests.dll" adapterTypeName="executor://xunit/VsTestRunner2/netcoreapp" className="SectionLocatorTests" name="AnchorSelection_Respects_Book_Window" />
    </UnitTest>
  </TestDefinitions>
  <TestEntries>
    <TestEntry testId="c41ca717-f2c7-fb7b-ee40-a545934f7019" executionId="89238512-52cc-43da-8351-6eb50061f075" testListId="8c84fa94-04c1-424b-9868-57a2d4851a1d" />
    <TestEntry testId="8ab0da46-dc27-0a33-1524-718a9268d937" executionId="9cc91fce-8433-4425-b938-f2820a3bf60a" testListId="8c84fa94-04c1-424b-9868-57a2d4851a1d" />
    <TestEntry testId="c600fba3-eac4-0732-8d5f-50230ecfb70b" executionId="17c5e7a3-3306-43ca-ad04-cd5fd07b055c" testListId="8c84fa94-04c1-424b-9868-57a2d4851a1d" />
    <TestEntry testId="0c9b49c2-cb0a-9c14-f54a-23811bd1f3dc" executionId="cde558ec-dabf-4232-9d58-9d56f617f3e0" testListId="8c84fa94-04c1-424b-9868-57a2d4851a1d" />
    <TestEntry testId="47928c29-7d3b-7d6b-25de-80c48cd09090" executionId="a0409553-3ae0-4a22-bae2-e29f53a4302d" testListId="8c84fa94-04c1-424b-9868-57a2d4851a1d" />
    <TestEntry testId="778d8c9a-449e-15af-321e-b8ec01eb1670" executionId="3f96934e-08bc-4979-b5d2-62f9e02d33c4" testListId="8c84fa94-04c1-424b-9868-57a2d4851a1d" />
    <TestEntry testId="00f1bc45-48c1-b12d-f6d6-5c7703be8472" executionId="456a1423-af34-48fc-9a06-125d75aad725" testListId="8c84fa94-04c1-424b-9868-57a2d4851a1d" />
    <TestEntry testId="1464447b-28fa-5bce-642d-f1222edd8ffd" executionId="fcca1a8e-9400-4a9e-b783-7feb65b0cc1b" testListId="8c84fa94-04c1-424b-9868-57a2d4851a1d" />
    <TestEntry testId="100b2750-8f65-7794-36d0-0f792d08579a" executionId="555045ff-d55e-4baa-b596-1072be943d73" testListId="8c84fa94-04c1-424b-9868-57a2d4851a1d" />
    <TestEntry testId="49fd7152-ce1b-b38e-13f3-c619091ada78" executionId="f92ca1c7-b9b9-4b07-aa08-deac491ae78d" testListId="8c84fa94-04c1-424b-9868-57a2d4851a1d" />
    <TestEntry testId="a2d9ec76-d348-4214-957c-d85d4723c049" executionId="c3c15684-dd03-4af2-86a0-785c35d4d02c" testListId="8c84fa94-04c1-424b-9868-57a2d4851a1d" />
    <TestEntry testId="f75292ee-d5ad-2ea5-5648-85031c012d05" executionId="7033f78e-d473-46db-b0c3-ab0ff4b4709c" testListId="8c84fa94-04c1-424b-9868-57a2d4851a1d" />
    <TestEntry testId="e25a67b2-092d-29ea-936e-e7ca57868fd1" executionId="71264dae-8bc6-4f60-beb6-51bb7a9a7899" testListId="8c84fa94-04c1-424b-9868-57a2d4851a1d" />
    <TestEntry testId="bb9a5e2b-c764-c78c-86ff-2bb83564cb1e" executionId="df2b8b9c-48ec-4fba-9032-62637ee01d03" testListId="8c84fa94-04c1-424b-9868-57a2d4851a1d" />
    <TestEntry testId="acf88023-75f2-8800-84c9-e7f94aa81257" executionId="08b8de2b-7045-4d9d-aa3b-327ad2d70c8e" testListId="8c84fa94-04c1-424b-9868-57a2d4851a1d" />
    <TestEntry testId="c3752748-5475-0142-24fa-0654d12f7328" executionId="7e249ca6-158b-45f1-a65d-b29c4360801e" testListId="8c84fa94-04c1-424b-9868-57a2d4851a1d" />
    <TestEntry testId="8283c47b-3b50-226b-bd96-47e3b726ed8e" executionId="96e52561-1d91-4b41-b20d-9ace71aca608" testListId="8c84fa94-04c1-424b-9868-57a2d4851a1d" />
    <TestEntry testId="97d4c0ad-695f-453e-9a23-6deba3f062e2" executionId="83d9e3a1-7f95-4ff7-80ad-5db2aa0d9716" testListId="8c84fa94-04c1-424b-9868-57a2d4851a1d" />
    <TestEntry testId="d443ad22-1e89-b02f-b643-79ae6359e3db" executionId="d4fe6896-7375-4dd7-a31b-4930cfd15e0f" testListId="8c84fa94-04c1-424b-9868-57a2d4851a1d" />
    <TestEntry testId="6f9d102c-37fa-89c4-7126-8b4bd721e427" executionId="1f433c8f-fc57-4b4e-9439-db1c60ac5c92" testListId="8c84fa94-04c1-424b-9868-57a2d4851a1d" />
    <TestEntry testId="1808feb9-34c3-753a-4208-391636bb17b0" executionId="269d368e-1c47-42da-89e6-36871b2cdf4e" testListId="8c84fa94-04c1-424b-9868-57a2d4851a1d" />
    <TestEntry testId="160dbc4b-1363-1ee1-fdc9-00f2be8c74bc" executionId="da41b480-d7b3-407d-9c0e-99f83a22d8fc" testListId="8c84fa94-04c1-424b-9868-57a2d4851a1d" />
    <TestEntry testId="3551e2ef-90be-af89-b001-a537b687a3fc" executionId="5c7bb498-8bb3-4e29-8e87-a67c6a22ab4f" testListId="8c84fa94-04c1-424b-9868-57a2d4851a1d" />
    <TestEntry testId="3b48470e-ddf2-574f-3365-1ac6c2f89433" executionId="9163bf95-0fa0-4f83-b259-c2becc9c4ad1" testListId="8c84fa94-04c1-424b-9868-57a2d4851a1d" />
    <TestEntry testId="54c4ad58-712a-a220-d291-9c7f35769d76" executionId="aee17a4b-ba3e-4e94-8985-47be1b577a6c" testListId="8c84fa94-04c1-424b-9868-57a2d4851a1d" />
    <TestEntry testId="005993ad-155b-74c6-7907-6bf6c1cb8d14" executionId="bc0b6862-a511-4f1e-b8bd-49a9e4594773" testListId="8c84fa94-04c1-424b-9868-57a2d4851a1d" />
    <TestEntry testId="be424ed0-f3cc-f9e3-c21e-6c4dcc1d723a" executionId="f3a2cf86-72c7-4485-9bc4-c241b4da4644" testListId="8c84fa94-04c1-424b-9868-57a2d4851a1d" />
    <TestEntry testId="632ef7c6-71d1-3a9b-9119-502772aa3e45" executionId="da983fa8-88d3-4f35-8b41-e6368a280381" testListId="8c84fa94-04c1-424b-9868-57a2d4851a1d" />
    <TestEntry testId="7db175b1-f62d-d603-663e-33581a051546" executionId="4948437a-2d4e-4ca1-bd9f-4859c717d758" testListId="8c84fa94-04c1-424b-9868-57a2d4851a1d" />
    <TestEntry testId="f324b4ec-d3a2-90b7-9cb2-c60100e0c16e" executionId="0918d6b3-347e-4110-a291-bf3c0eb3dc7d" testListId="8c84fa94-04c1-424b-9868-57a2d4851a1d" />
    <TestEntry testId="1d745ee8-f9d2-061e-6fa8-b146612ad275" executionId="00132f74-8b29-471e-adb3-cab6180699b5" testListId="8c84fa94-04c1-424b-9868-57a2d4851a1d" />
    <TestEntry testId="7eeaeb1e-d0fd-b280-5ab0-83b1e8cad390" executionId="c9878be2-77e2-4701-9e87-8432f1bffc6a" testListId="8c84fa94-04c1-424b-9868-57a2d4851a1d" />
    <TestEntry testId="4d01b460-4c7a-ee77-5aa8-5070df42945e" executionId="a2e08158-6ee9-4559-a01f-8a178a962a01" testListId="8c84fa94-04c1-424b-9868-57a2d4851a1d" />
    <TestEntry testId="1e5a9251-4654-e660-a358-c7f12eb79e77" executionId="a099e405-d882-46be-ac46-e8d6e1e93e4a" testListId="8c84fa94-04c1-424b-9868-57a2d4851a1d" />
    <TestEntry testId="f61fff2b-ff7e-c6fc-05fb-1810c6c24a46" executionId="a1ea18ac-3289-433b-90f4-aff02ecf8e75" testListId="8c84fa94-04c1-424b-9868-57a2d4851a1d" />
    <TestEntry testId="c644a1e7-5e14-9700-be6c-d72e977211ce" executionId="8d2dbb69-74df-414c-91ba-4b19ca78ed1e" testListId="8c84fa94-04c1-424b-9868-57a2d4851a1d" />
    <TestEntry testId="87e7fd49-1555-7f90-7d39-50372fef26fb" executionId="ceaa7c74-3429-4de3-8e39-7b0db4fe2e9e" testListId="8c84fa94-04c1-424b-9868-57a2d4851a1d" />
    <TestEntry testId="d4eab235-eeeb-fad4-245a-67219ef4eda2" executionId="cd92c11e-b202-4545-9636-5b5d30934c8f" testListId="8c84fa94-04c1-424b-9868-57a2d4851a1d" />
    <TestEntry testId="7aec94dc-d346-4a4b-143b-742f7e2fb894" executionId="7a1ad816-e677-4179-a201-090ee0d9b8a1" testListId="8c84fa94-04c1-424b-9868-57a2d4851a1d" />
    <TestEntry testId="0f30e344-3450-b34f-b99a-cf26be041bb5" executionId="66af76b4-f5ca-4d9e-94a2-8b2add4f9240" testListId="8c84fa94-04c1-424b-9868-57a2d4851a1d" />
    <TestEntry testId="05fbc95c-b6b7-321b-50d8-3926a7d7b06f" executionId="eee62f88-0e59-4310-a4d4-79e6d7539ee5" testListId="8c84fa94-04c1-424b-9868-57a2d4851a1d" />
    <TestEntry testId="800daea3-d9bf-9dce-0a71-d775909ab130" executionId="0eef0616-e046-4340-9130-67553d0a4ada" testListId="8c84fa94-04c1-424b-9868-57a2d4851a1d" />
    <TestEntry testId="a23083ab-33a1-b02f-225f-4abc7443d317" executionId="523af4ae-038c-4408-aae0-f055132b06a5" testListId="8c84fa94-04c1-424b-9868-57a2d4851a1d" />
    <TestEntry testId="b2ba35de-5f1b-8da9-9c7e-da6ffad84fe1" executionId="e6372358-e216-4c2e-8bea-7991061e8181" testListId="8c84fa94-04c1-424b-9868-57a2d4851a1d" />
    <TestEntry testId="ea850199-b7e0-412a-e92f-d678b2d6cec0" executionId="12c22bd1-8a2a-4c9b-98e0-3ca14d7e122d" testListId="8c84fa94-04c1-424b-9868-57a2d4851a1d" />
    <TestEntry testId="64233259-41b3-1a51-3dd5-18177003a0e3" executionId="1ef54454-8c8f-45f6-9b8f-20a18a32a4cf" testListId="8c84fa94-04c1-424b-9868-57a2d4851a1d" />
    <TestEntry testId="7dc5b82a-e9ad-170a-b83f-73c3bba3052f" executionId="6d93742e-a412-46fc-b25f-0bf6724336f1" testListId="8c84fa94-04c1-424b-9868-57a2d4851a1d" />
    <TestEntry testId="dd4eae30-bdc6-a74b-db53-cdf389b2579a" executionId="339ec1dc-fe0d-47ba-a134-88cbd088153c" testListId="8c84fa94-04c1-424b-9868-57a2d4851a1d" />
    <TestEntry testId="ce4505fc-376d-068a-361d-d8ba42ea8b4c" executionId="70859aa6-1487-4143-9f57-383de46e25d3" testListId="8c84fa94-04c1-424b-9868-57a2d4851a1d" />
    <TestEntry testId="ce199e2a-e8a5-b4b0-308c-7a69711f4793" executionId="9680068a-62fe-481b-ba85-732d448b051b" testListId="8c84fa94-04c1-424b-9868-57a2d4851a1d" />
    <TestEntry testId="0fd2c988-bc56-323f-ffa3-36b6944f4aa8" executionId="7aae531a-a27e-4949-bdf3-c362a2301c76" testListId="8c84fa94-04c1-424b-9868-57a2d4851a1d" />
    <TestEntry testId="6f322658-ce49-816f-5f8f-134aa0023550" executionId="9bef5f5d-6a13-46f5-b1d2-3d1ffada3c04" testListId="8c84fa94-04c1-424b-9868-57a2d4851a1d" />
    <TestEntry testId="c37a30f9-abf9-3ce1-ad9e-de44d465e94c" executionId="3ff66846-ebc5-4f7e-b400-df5d44ea6d60" testListId="8c84fa94-04c1-424b-9868-57a2d4851a1d" />
    <TestEntry testId="413897d6-4a2a-103d-b71e-91b6c44e340e" executionId="10b605b2-8ec7-43e5-9004-be49be34ed05" testListId="8c84fa94-04c1-424b-9868-57a2d4851a1d" />
  </TestEntries>
  <TestLists>
    <TestList name="Results Not in a List" id="8c84fa94-04c1-424b-9868-57a2d4851a1d" />
    <TestList name="All Loaded Results" id="19431567-8539-422a-85d7-44ee4e166bda" />
  </TestLists>
  <ResultSummary outcome="Completed">
    <Counters total="54" executed="54" passed="54" failed="0" error="0" timeout="0" aborted="0" inconclusive="0" passedButRunAborted="0" notRunnable="0" notExecuted="0" disconnected="0" warning="0" completed="0" inProgress="0" pending="0" />
    <Output>
      <StdOut>[xUnit.net 00:00:00.00] xUnit.net VSTest Adapter v2.8.2+699d445a1a (64-bit .NET 9.0.8)
[xUnit.net 00:00:00.11]   Discovering: Ams.Tests
[xUnit.net 00:00:00.18]   Discovered:  Ams.Tests
[xUnit.net 00:00:00.19]   Starting:    Ams.Tests
Detecting silences (db-floor=-30dB, min-dur=0.3s)...
Aligning 1 chunks using Aeneas service...
Aligning chunk chunk_001...
Failed align-chunks: Aeneas alignment service error (InternalServerError): Service unavailable
Aligning 2 chunks using Aeneas service...
Aligning chunk chunk_001...
Chunk chunk_001: 2 fragments aligned
Aligning chunk chunk_002...
Chunk chunk_002: 1 fragments aligned
Aligned 2 chunks
Found 1 silence events
Completed align-chunks
Completed timeline
Detecting silences (db-floor=-30dB, min-dur=0.3s)...
Found 3 silence events
Completed timeline
Planning windows (min=60s, max=90s, target=75s)...
Planned 4 windows (tail relaxed: False)
Completed plan
[xUnit.net 00:00:00.79]   Finished:    Ams.Tests
</StdOut>
    </Output>
  </ResultSummary>
</TestRun>